DATE DAY TIME NUMERIC
YEARS AGREE
HOUR IN RANGE
NONZERO
[BBBB][BBBB][CCCC]
ABABABABABABABABABABABABABABABABABABABABABABABABABABABABABABABABABABABABABABABABABABABABABABABABABABABABABABABABABABABAB
ABABABABABABABABABABABABABABAB
XABABABABABABABABABABABABABABABABABABABABABABABABABABABABABABABABABABABABABABABABABABABABABABABABABABABABABABABABABABABA
BABABABABABABABABABABABABABABABY
[CARD ONE xxxxxxxxxxxxxxxxxxxxxxxxxxxxxxxxxxxxxxxxx]
[xxxxxxxxxxxxxxxxxxx           CARD TWO            ]
[THIRD CARD                                        ]
