ESDSUPDT: READ/REWRITE ESDS SEQUENTIALLY
----------------------------------------
         2: 0130758002 VIRGINIA O RENFRO    2111 BRIDGE AVENUE         BRIDGEPORT
   UPDATED: 9930758002 VIRGINIA O RENFRO    2111 BRIDGE AVENUE         BRIDGEPORT
         6: 0561094006 TAMMY L SCHAEFER     3911 KINGS RIDGE STREET    EUGENE
   UPDATED: 9961094006 TAMMY L SCHAEFER     3911 KINGS RIDGE STREET    EUGENE
         7: 0593878007 LOUIS W HORTON       9722 EASTHAVEN STREET      DES PLAINES
   UPDATED: 9993878007 LOUIS W HORTON       9722 EASTHAVEN STREET      DES PLAINES
        52: 4813060102 REBECCA S NORTON     1175 ELLIS COURT           LOUISVILLE
   UPDATED: 9913060102 REBECCA S NORTON     1175 ELLIS COURT           LOUISVILLE
        56: 5105151106 SHIRLEY P TYLER      5262 BRIDGE CIRCLE         FORT COLLINS
   UPDATED: 9905151106 SHIRLEY P TYLER      5262 BRIDGE CIRCLE         FORT COLLINS
        57: 5220743107 CHRISTOPHER F MORGAN 9624 BONANZA AVENUE        DOWNEY
   UPDATED: 9920743107 CHRISTOPHER F MORGAN 9624 BONANZA AVENUE        DOWNEY
