01 TALLY ALL A 00009 [AABAACAAAXAA]
02 TALLY LEADING A 00002
03 TALLY UNTIL FIRST C 00005
04 TALLY UNTIL FIRST Q 00012
05 TALLY ALL REPL 00009 [**B**C***X**]
06 TALLY LEAD REPL 00002 [--BAACAAAXAA]
07 TALLY UNTIL REPL 00005 [.....CAAAXAA]
08 REPL ALL [ZZBZZCZZZXZZ]
09 REPL LEADING [ZZBAACAAAXAA]
10 REPL FIRST [AABAAZAAAXAA]
11 REPL UNTIL FIRST [ZZZZZCAAAXAA]
12 REPL FIRST ABSENT [AABAACAAAXAA]
13 NUMERIC ALL ZERO 00004
14 NUMERIC REPL [199299]
15 SIGNED ALL 0 00001
16 SIGNED REPL [152}]
17 EDITED [1999/01/02]
18 ALL SPACES 00008
19 TALLY SETTABLE 00042
20 TALLY DISPLAYED 00043
21 TALLY RESET 00000
