MUL ADD           -1.23
MUL MUL         -874.06
DIV             -122.22
DIV LIT R         17.64
DIV DISP      580972.70
SHIFT LEFT         262.3312
COMP             99979.0000
NEG               -122.9500
POW              15238.9025
WIDE                      678
WIDE DIV      123456789012345
SIGN LEAD         -501.0100
EDITED           122.44
DIV V999        41.150
NESTED         122.449
BIG LITS   9998000.000
DIV ZERO  SIZE ERROR 0005
DIV ZERO L SIZE ERROR 0005
TOO BIG   SIZE ERROR 0005
AFTER     0005
AFTER     9872
IF GREATER
IF LESS
IF NOT EQUAL
TIMES     0012
VARYING   0005          6.49
