KSDSNATX: DYNAMIC, KEYED READ AND READ NEXT
-------------------------------------------
READ BY KEY 2522284049
   FOUND: 2522284049 WANDA J TUCKER       7807 WINDTREE ROAD         SAN ANTONIO
    NEXT: 2597002050 HELEN H FONTAINE     852 WESTRIDGE AVENUE       FORT LAUDERDA
    NEXT: 2806628061 ANDREW T MORENO      8900 WASHINGTON STREET     PROVIDENCE
    NEXT: 2822279062 BEVERLY F WINSTON    5585 CHARLESTON ROAD       BOSTON
READ BY KEY 0994201010
   FOUND: 0994201010 ADOLF S CARLISLE     936 LAKEFRONT AVENUE       ROANOAK
    NEXT: 1033846021 CHERYL I TUCKER      660 SHORE ROAD             LOUISVILLE
    NEXT: 1098019022 HANNAH F QUIMBY      6151 MAIN COURT            PHOENIX
    NEXT: 1168050023 TAMMY J FRANKLIN     5226 ROSA LINDA ROAD       LOUISVILLE
READ BY KEY 9999999999
   NO SUCH KEY, STATUS 23
