KSDSREAD: READ KSDS SEQUENTIALLY
--------------------------------
KEY: 0045557001  RECORD: 0045557001 LISA L FONTAINE      714 SUNSET PLACE           SAN ANTONIO
KEY: 0130758002  RECORD: 0130758002 VIRGINIA O RENFRO    2111 BRIDGE AVENUE         BRIDGEPORT
KEY: 0243081003  RECORD: 0243081003 JILL W SCHWAB        5641 WASHINGTON STREET     WEST PALM BEA
KEY: 0366881004  RECORD: 0366881004 LUCY J CHILDRESS     2777 GUADLAUPE BLVD        ROSWELL
KEY: 0517579005  RECORD: 0517579005 DEBRA K RODGERS      1048 WINDHAM COURT         GREENVILLE
KEY: 0561094006  RECORD: 0561094006 TAMMY L SCHAEFER     3911 KINGS RIDGE STREET    EUGENE
KEY: 0593878007  RECORD: 0593878007 LOUIS W HORTON       9722 EASTHAVEN STREET      DES PLAINES
KEY: 0725148008  RECORD: 0725148008 BRIAN A HODGES       4292 BONANZA STREET        ENGLEWOOD
KEY: 0930005009  RECORD: 0930005009 RUSSELL B HASTINGS   226 WINDTREE STREET        ALBANY
KEY: 0994201010  RECORD: 0994201010 ADOLF S CARLISLE     936 LAKEFRONT AVENUE       ROANOAK
KEY: 1033846021  RECORD: 1033846021 CHERYL I TUCKER      660 SHORE ROAD             LOUISVILLE
KEY: 1098019022  RECORD: 1098019022 HANNAH F QUIMBY      6151 MAIN COURT            PHOENIX
KEY: 1168050023  RECORD: 1168050023 TAMMY J FRANKLIN     5226 ROSA LINDA ROAD       LOUISVILLE
KEY: 1371074024  RECORD: 1371074024 TAMMY M HARMON       243 KINGS RIDGE STREET     GREENVILLE
KEY: 1442146025  RECORD: 1442146025 LUCY H ERICKSON      6207 RIDGEWAY AVENUE       KANSAS CITY
KEY: 1511914026  RECORD: 1511914026 SAMANTHA J TEMPLETON 1534 SUN MEADOW AVENUE     FORT LAUDERDA
KEY: 1765093027  RECORD: 1765093027 DANIEL I GOODWIN     1660 BRIGHT AVENUE         DALLAS
KEY: 1766129028  RECORD: 1766129028 JOYCE R NORTON       907 BRANDYWINE CIRCLE      SAN ANTONIO
KEY: 1778910029  RECORD: 1778910029 JUDITH H JEFFERSON   766 KNICKERBOCKER PLACE    SIOUX FALLS
KEY: 1907611030  RECORD: 1907611030 KEITH E NEWTON       143 BUCKLEY AVENUE         BALDWIN
KEY: 2119032041  RECORD: 2119032041 RUTH E GASTON        8754 GARDEN PLACE          FORT LAUDERDA
KEY: 2121744042  RECORD: 2121744042 TROY J NORRIS        716 HILLSIDE ROAD          DENTON
KEY: 2174003043  RECORD: 2174003043 SHIRLEY V MATTOX     1260 SHORE AVENUE          FALLS VILLAGE
KEY: 2229822044  RECORD: 2229822044 LUCY T HAMMOND       587 CARBONDALE COURT       SALINA
KEY: 2231748045  RECORD: 2231748045 SCOTT F HABERMANN    336 BALBOA AVENUE          LAGO VISTA
KEY: 2324761046  RECORD: 2324761046 EVERETT L HAMMOND    5912 BISHOP AVENUE         KEARNEY
KEY: 2363024047  RECORD: 2363024047 REBECCA A GERBLICK   1617 PARKER AVENUE         SALINA
KEY: 2483871048  RECORD: 2483871048 SAMANTHA T MOORE     3586 STRAWBERRY COURT      PONCA CITY
KEY: 2522284049  RECORD: 2522284049 WANDA J TUCKER       7807 WINDTREE ROAD         SAN ANTONIO
KEY: 2597002050  RECORD: 2597002050 HELEN H FONTAINE     852 WESTRIDGE AVENUE       FORT LAUDERDA
KEY: 2806628061  RECORD: 2806628061 ANDREW T MORENO      8900 WASHINGTON STREET     PROVIDENCE
KEY: 2822279062  RECORD: 2822279062 BEVERLY F WINSTON    5585 CHARLESTON ROAD       BOSTON
KEY: 2845743063  RECORD: 2845743063 ZELDA W RANDALL      639 SOUTHLAND ROAD         FOREST HEIGHT
KEY: 2858277064  RECORD: 2858277064 CLARA F BRYANT       529 BARNABY STREET         LOUISVILLE
KEY: 3071401065  RECORD: 3071401065 MICHELLE A ROSS      188 EASTHAVEN AVENUE       BUFFALO
KEY: 3129003066  RECORD: 3129003066 BILL W BECK          1798 SEABREEZE AVENUE      BOSTON
KEY: 3284189067  RECORD: 3284189067 RITA N RENFRO        7881 DAISY COURT           SIOUX FALLS
KEY: 3489628068  RECORD: 3489628068 ARNOLD R ELISON      465 MAIN AVENUE            TULSA
KEY: 3775212069  RECORD: 3775212069 HANNAH J GLOVER      3791 SEABREEZE STREET      NASHAU
KEY: 3786163070  RECORD: 3786163070 REBECCA D DOREN      8730 STRAWBERRY ROAD       SPRING
KEY: 3851331081  RECORD: 3851331081 CLIFF J DRAKE        169 SHORE AVENUE           CHICAGO
KEY: 3912384082  RECORD: 3912384082 CRAIG O LABROIE      8021 MILL MOUNTAIN PLACE   MURFREESBORO
KEY: 4077702083  RECORD: 4077702083 ROLAND P RODGERS     827 MEADOW STREET          TULSA
KEY: 4093285084  RECORD: 4093285084 JACK J SCHWAB        250 BUCKLEY PLACE          CHICAGO
KEY: 4176588085  RECORD: 4176588085 BRENDA O MCKAY       315 A & M PLACE            LA HABRA
KEY: 4197550086  RECORD: 4197550086 TROY S POWERS        1707 BRIDGE STREET         ENGLEWOOD
KEY: 4318291087  RECORD: 4318291087 SAMANTHA M HALL      8063 EDMUND AVENUE         SAN ANTONIO
KEY: 4461486088  RECORD: 4461486088 SAMANTHA E MORENO    5196 BAYVIEW PLACE         BRIDGEPORT
KEY: 4514067089  RECORD: 4514067089 JIM B RIGHT          568 GREEN VALLEY AVENUE    HOUSTON
KEY: 4588719090  RECORD: 4588719090 SHIRLEY D JOHNSON    716 COBBS ROAD             TULSA
KEY: 4776111101  RECORD: 4776111101 JOSEPH P HAMMOND     6532 BRANDYWINE STREET     PASADENA
KEY: 4813060102  RECORD: 4813060102 REBECCA S NORTON     1175 ELLIS COURT           LOUISVILLE
KEY: 4862587103  RECORD: 4862587103 JILL M BENSON        170 SIERRA VISTA ROAD      HELENA
KEY: 4893602104  RECORD: 4893602104 LAURIE R RAMSEY      902 PECAN VALLEY STREET    PONCA CITY
KEY: 4934781105  RECORD: 4934781105 CHERYL H HABERMANN   930 CLIFTWOOD AVENUE       BUFFALO
KEY: 5105151106  RECORD: 5105151106 SHIRLEY P TYLER      5262 BRIDGE CIRCLE         FORT COLLINS
KEY: 5220743107  RECORD: 5220743107 CHRISTOPHER F MORGAN 9624 BONANZA AVENUE        DOWNEY
KEY: 5239514108  RECORD: 5239514108 NATHAN O SCHAEFER    7644 INDUSTRIAL ROAD       EUGENE
KEY: 5462366109  RECORD: 5462366109 DIANE P JENNINGS     2454 ROSA LINDA ROAD       KNOXVILLE
KEY: 5470384110  RECORD: 5470384110 JILL F ROSS          949 ROSEWOOD STREET        BALDWIN
KEY: 5582803121  RECORD: 5582803121 ANGELA J ERWIN       2709 BIENVILLE STREET      NEWPORT BEACH
KEY: 5618369122  RECORD: 5618369122 PETER F ALEXANDER    5500 KNICKERBOCKER AVENUE  BINGHAMTON
KEY: 5731895123  RECORD: 5731895123 BETTY H BOWERS       3787 WINDWOOD PLACE        SALT LAKE CIT
KEY: 5764671124  RECORD: 5764671124 PETER L SCHAEFER     358 ATOLL STREET           PASADENA
KEY: 5867208125  RECORD: 5867208125 JOYCE K JENNINGS     1580 ROSA LINDA COURT      TUCSON
KEY: 5877149126  RECORD: 5877149126 ROBERT P GLOVER      6394 PARSON ROAD           NORWALK
KEY: 5922222127  RECORD: 5922222127 RUTH N ALEXANDER     259 SEASIDE ROAD           ANNAPOLIS
KEY: 6007109128  RECORD: 6007109128 JARED D HILLFORD     879 MICHIGAN AVENUE        PONCA CITY
KEY: 6131803129  RECORD: 6131803129 HELEN R DRAKE        263 BENSON STREET          DENVER
KEY: 6212865130  RECORD: 6212865130 JOYCE C EUBANKS      516 WESTRIDGE BLVD         WEST BRADENTO
KEY: 6288450141  RECORD: 6288450141 DEBRA B JACKSON      7426 PARSON ROAD           MINNEAPOLIS
KEY: 6315453142  RECORD: 6315453142 BILL M TEASDALE      608 LINCOLN ROAD           FORT WORTH
KEY: 6426347143  RECORD: 6426347143 PATTY C ELISON       5454 LINCOLN AVENUE        DETROIT
KEY: 6532928144  RECORD: 6532928144 HANNAH O NEWBURY     3634 SIERRA VISTA STREET   BOSTON
KEY: 6552938145  RECORD: 6552938145 BETTY V POWERS       454 JUNIPER AVENUE         ANN ARBOR
KEY: 6565164146  RECORD: 6565164146 JACK H EUBANKS       3699 SOUTHLAND PLACE       FREMONT
KEY: 6613600147  RECORD: 6613600147 TAMMY O EUBANKS      5230 DAISY AVENUE          KEARNEY
KEY: 6660837148  RECORD: 6660837148 BRIAN T PARRISH      751 PECAN VALLEY COURT     ANN ARBOR
KEY: 6740697149  RECORD: 6740697149 LARRY O MORENO       6565 JACKSON STREET        EUGENE
KEY: 6865914150  RECORD: 6865914150 DEBRA F BOWERS       8793 GARDEN AVENUE         DES PLAINES
KEY: 6890599161  RECORD: 6890599161 LARRY G PARKER       827 MEADOW STREET          SAN DIEGO
KEY: 6911300162  RECORD: 6911300162 JANET H HAMMOND      5064 GRANT STREET          DES PLAINES
KEY: 7110260163  RECORD: 7110260163 BEVERLY K WEAVER     829 HORSESHOE CIRCLE       LA JOLLA
KEY: 7170298164  RECORD: 7170298164 KEVIN L FONTAINE     3527 APPLE VALLEY STREET   MISSOULA
KEY: 7255026165  RECORD: 7255026165 JERRY S BOWERS       395 ALTAVISTA COURT        SAN DIEGO
KEY: 7792268166  RECORD: 7792268166 JOAN C GLOVER        6152 CUMBERLAND AVENUE     NEW YORK
KEY: 8198053167  RECORD: 8198053167 RONALD A EUBANKS     378 SHORE STREET           ANCHORAGE
KEY: 8214332168  RECORD: 8214332168 ROY P MATTOX         154 SUNSET COURT           WEST PALM BEA
KEY: 8216798169  RECORD: 8216798169 ROY F NORRIS         3212 ALTAVISTA BLVD        BOSTON
KEY: 8309814170  RECORD: 8309814170 EVERETT A ERWIN      926 BALBOA STREET          OKLAHOMA CITY
KEY: 8491480181  RECORD: 8491480181 JOYCE S HODGES       682 PARKER PLACE           CLEVELAND
KEY: 8544794182  RECORD: 8544794182 NATHAN R JOHNSON     1034 TWILIGHT ROAD         COVINGTON
KEY: 8675854183  RECORD: 8675854183 ANDREW B WINSTON     2458 ELLIS ROAD            SPRING
KEY: 8763434184  RECORD: 8763434184 CRAIG I GOODLOW      1667 WASHINGTON ROAD       MONTGOMERY
KEY: 8969094185  RECORD: 8969094185 ERNIE N DUNBAR       2830 NORTHFIELD STREET     LOUISVILLE
KEY: 9235874186  RECORD: 9235874186 TED R BOWERS         532 PECAN VALLEY STREET    PRESCOTT
KEY: 9266973187  RECORD: 9266973187 ANDREW K CONLEY      689 WINDTREE BLVD          ATLANTA
KEY: 9445325188  RECORD: 9445325188 ARNOLD F RAMSEY      8629 LINCOLN CIRCLE        MONTGOMERY
KEY: 9604395189  RECORD: 9604395189 JANET M BARBER       1605 GARRETT STREET        LA JOLLA
KEY: 9962289190  RECORD: 9962289190 PETER R STUART       870 BALBOA COURT           PHILADELPHIA
