KSDSSSEQ: READ KSDS SEQUENTIALLY (W/START)
------------------------------------------
START KEY EQUAL TO 1033846021
KEY: 1033846021  RECORD: 1033846021 CHERYL I TUCKER      660 SHORE ROAD             LOUISVILLE
KEY: 1098019022  RECORD: 1098019022 HANNAH F QUIMBY      6151 MAIN COURT            PHOENIX
KEY: 1168050023  RECORD: 1168050023 TAMMY J FRANKLIN     5226 ROSA LINDA ROAD       LOUISVILLE
KEY: 1371074024  RECORD: 1371074024 TAMMY M HARMON       243 KINGS RIDGE STREET     GREENVILLE
KEY: 1442146025  RECORD: 1442146025 LUCY H ERICKSON      6207 RIDGEWAY AVENUE       KANSAS CITY
START KEY EQUAL TO 2534789096
*** RECORD NOT FOUND ***
START KEY GREATER THAN OR EQUAL TO 3284189067
KEY: 3284189067  RECORD: 3284189067 RITA N RENFRO        7881 DAISY COURT           SIOUX FALLS
KEY: 3489628068  RECORD: 3489628068 ARNOLD R ELISON      465 MAIN AVENUE            TULSA
KEY: 3775212069  RECORD: 3775212069 HANNAH J GLOVER      3791 SEABREEZE STREET      NASHAU
KEY: 3786163070  RECORD: 3786163070 REBECCA D DOREN      8730 STRAWBERRY ROAD       SPRING
KEY: 3851331081  RECORD: 3851331081 CLIFF J DRAKE        169 SHORE AVENUE           CHICAGO
START KEY GREATER THAN OR EQUAL TO 3860000000
KEY: 3912384082  RECORD: 3912384082 CRAIG O LABROIE      8021 MILL MOUNTAIN PLACE   MURFREESBORO
KEY: 4077702083  RECORD: 4077702083 ROLAND P RODGERS     827 MEADOW STREET          TULSA
KEY: 4093285084  RECORD: 4093285084 JACK J SCHWAB        250 BUCKLEY PLACE          CHICAGO
KEY: 4176588085  RECORD: 4176588085 BRENDA O MCKAY       315 A & M PLACE            LA HABRA
KEY: 4197550086  RECORD: 4197550086 TROY S POWERS        1707 BRIDGE STREET         ENGLEWOOD
