KSDSUPDT: READ/REWRITE KSDS SEQUENTIALLY
----------------------------------------
0045557001 LISA L FONTAINE      714 SUNSET PLACE           SAN ANTONIO
           BEFORE UPDATE
0045557001 LISA L FONTAINE      714 SUNSET PLACE           AUSTIN
           AFTER UPDATE
1766129028 JOYCE R NORTON       907 BRANDYWINE CIRCLE      SAN ANTONIO
           BEFORE UPDATE
1766129028 JOYCE R NORTON       907 BRANDYWINE CIRCLE      AUSTIN
           AFTER UPDATE
2522284049 WANDA J TUCKER       7807 WINDTREE ROAD         SAN ANTONIO
           BEFORE UPDATE
2522284049 WANDA J TUCKER       7807 WINDTREE ROAD         AUSTIN
           AFTER UPDATE
4318291087 SAMANTHA M HALL      8063 EDMUND AVENUE         SAN ANTONIO
           BEFORE UPDATE
4318291087 SAMANTHA M HALL      8063 EDMUND AVENUE         AUSTIN
           AFTER UPDATE
6426347143 PATTY C ELISON       5454 LINCOLN AVENUE        DETROIT
          BEFORE DELETE
   DELETED
