KSDSRAND: READ/REWRITE KSDS DIRECT
----------------------------------
ADDING: 9532957501 JOHN J GLASSMAN      7663 SEASIDE AVENUE        NEWPORT BEA
               RECORD ADDED
ADDING: 1964475502 CAITLIN V BROCKTON   9540 PARKER COURT          KANSAS CITY
               RECORD ADDED
ADDING: 9441505503 SUE P MOORE          640 JACKSON STREET         LOS ANGELES
               RECORD ADDED
ADDING: 0045557001 LARRY E BENSON       4778 DESERT STREET         LA HABRA
            *** DUPLICATE RECORD ON FILE
ATTEMPTING TO READ: 5500563505
          *** RECORD NOT FOUND
ATTEMPTING TO READ: 9966129028
          *** RECORD NOT FOUND
ATTEMPTING TO READ: 9441505503
9441505503 SUE P MOORE          640 JACKSON STREET         LOS ANGELES
               RECORD BEFORE CHANGE
9441505503 CLARA B ALEXANDER    8427 PECAN VALLEY STREET   BOISE
               RECORD AFTER CHANGE
ATTEMPTING TO READ: 3849060508
          *** RECORD NOT FOUND
ATTEMPTING TO READ: 3129003066
3129003066 BILL W BECK          1798 SEABREEZE AVENUE      BOSTON
               RECORD BEFORE DELETE
             DELETED
