LINE-COUNTER NOW   5
LINE-COUNTER NOW   6
LINE-COUNTER NOW  10
LINE-COUNTER NOW   5
LINE-COUNTER NOW   9
LINE-COUNTER NOW  10
LINE-COUNTER NOW   3
LINE-COUNTER NOW  10
LINE-COUNTER AT END   3
CONTROL RPT          1
BEGIN DEPT AA
  ACCT 01
    AA 01   10
    AA 01   20
  END ACCT 01 OF AA
  ACCT 02
    AA 02   30
  END ACCT 02 OF AA
END DEPT AA
CONTROL RPT          2
BEGIN DEPT BB
  ACCT 01
    BB 01   40
  END ACCT 01 OF BB
  ACCT 03
    BB 03   50
    BB 03   60
CONTROL RPT          3
    BB 03   70
  END ACCT 03 OF BB
END DEPT BB
BEGIN DEPT CC
  ACCT 01
    CC 01   80
  END ACCT 01 OF CC
END DEPT CC
CONTROL RPT          4
END OF REPORT
