RRDSRAND: READ/REWRITE RRDS DIRECT
----------------------------------
       501: ADDING: 9532957501 JOHN J GLASSMAN      7663 SEASIDE AVENUE        NEWPORT BEA
               RECORD ADDED
       502: ADDING: 1964475502 CAITLIN V BROCKTON   9540 PARKER COURT          KANSAS CITY
               RECORD ADDED
       503: ADDING: 9441505503 SUE P MOORE          640 JACKSON STREET         LOS ANGELES
               RECORD ADDED
         1: ADDING: 0045557001 LARRY E BENSON       4778 DESERT STREET         LA HABRA
            *** DUPLICATE RECORD ON FILE
       505 *** RECORD NOT FOUND
        28: 2483871048 SAMANTHA T MOORE     3586 STRAWBERRY COURT      PONCA CITY
               RECORD BEFORE CHANGE
        28: 9966129028 ZELDA H LOCKETT      314 ROSA LINDA COURT       MONTGOMERY
               RECORD AFTER CHANGE
       503: 9441505503 SUE P MOORE          640 JACKSON STREET         LOS ANGELES
               RECORD BEFORE CHANGE
       503: 9441505503 CLARA B ALEXANDER    8427 PECAN VALLEY STREET   BOISE
               RECORD AFTER CHANGE
       508 *** RECORD NOT FOUND
        66: 5877149126 ROBERT P GLOVER      6394 PARSON ROAD           NORWALK
               RECORD BEFORE DELETE
             DELETED
