RRDSSSEQ: READ RRDS SEQUENTIALLY (W/START)
------------------------------------------
START RRN EQUAL TO 21
        21: 2119032041 RUTH E GASTON        8754 GARDEN PLACE          FORT LAUDERDA
        22: 2121744042 TROY J NORRIS        716 HILLSIDE ROAD          DENTON
        23: 2174003043 SHIRLEY V MATTOX     1260 SHORE AVENUE          FALLS VILLAGE
        24: 2229822044 LUCY T HAMMOND       587 CARBONDALE COURT       SALINA
        25: 2231748045 SCOTT F HABERMANN    336 BALBOA AVENUE          LAGO VISTA
START RRN EQUAL TO 51
        51: 4776111101 JOSEPH P HAMMOND     6532 BRANDYWINE STREET     PASADENA
        52: 4813060102 REBECCA S NORTON     1175 ELLIS COURT           LOUISVILLE
        53: 4862587103 JILL M BENSON        170 SIERRA VISTA ROAD      HELENA
        54: 4893602104 LAURIE R RAMSEY      902 PECAN VALLEY STREET    PONCA CITY
        55: 4934781105 CHERYL H HABERMANN   930 CLIFTWOOD AVENUE       BUFFALO
START RRN GREATER THAN OR EQUAL TO 81
        81: 6890599161 LARRY G PARKER       827 MEADOW STREET          SAN DIEGO
        82: 6911300162 JANET H HAMMOND      5064 GRANT STREET          DES PLAINES
        83: 7110260163 BEVERLY K WEAVER     829 HORSESHOE CIRCLE       LA JOLLA
        84: 7170298164 KEVIN L FONTAINE     3527 APPLE VALLEY STREET   MISSOULA
        85: 7255026165 JERRY S BOWERS       395 ALTAVISTA COURT        SAN DIEGO
START RRN GREATER THAN OR EQUAL TO 111
